// Jest Snapshot v1, https://goo.gl/fbAQLP

exports[`DuckShootLotto game component should render a default board 1`] = `[Function]`;
